Loading trajectory data from C:\Users\Pedram\U-ResMARL\data\Lebanon_Jounieh\prepared\trajectories_calibration.csv...
Ego class-id default for this site: None
Loaded 107001 ego rows (373 ids) and 155457 neighbor-scene rows.
Site dest utility (on-road dir/dist to each ID dest; same U algebra as freeway) + curb: data\Lebanon_Jounieh\Jounieh_Road_Boundaries.csv, v_max=44.44 m/s, actions=7×9=63.
Building up to 2000 choice samples from 40000 candidate rows...
  choice samples: 200/2000
  choice samples: 400/2000
  choice samples: 600/2000
  choice samples: 800/2000
  choice samples: 1000/2000
  choice samples: 1200/2000
  choice samples: 1400/2000
  choice samples: 1600/2000
  choice samples: 1800/2000
  choice samples: 2000/2000
Built 2000 choice samples.
Prepared closed-loop windows (horizon=8 steps): 100 train / 40 val / 40 test from 373 vehicle trajectories (disjoint vehicles per split).
Global calibration (restart 1): scoring 400 random parameter sets on 2000 samples...
  Global calibration (restart 1): 40/400 trials, best screen=1.0220
  Global calibration (restart 1): 80/400 trials, best screen=1.0048
  Global calibration (restart 1): 120/400 trials, best screen=1.0048
  Global calibration (restart 1): 160/400 trials, best screen=1.0048
  Global calibration (restart 1): 200/400 trials, best screen=0.9757
  Global calibration (restart 1): 240/400 trials, best screen=0.9757
  Global calibration (restart 1): 280/400 trials, best screen=0.9469
  Global calibration (restart 1): 320/400 trials, best screen=0.9469
  Global calibration (restart 1): 360/400 trials, best screen=0.9469
  Global calibration (restart 1): 400/400 trials, best screen=0.9328
Global calibration (restart 1): kept top 80 / 400 by one-step + tracking screen
Restart 1: evaluating 80 candidates with 100 closed-loop windows x 8 steps...
  restart 1: 8/80 candidates, this=2.5345 (rollout=1.5244), best=2.3926 (rollout=1.4416)
  restart 1: 16/80 candidates, this=2.5528 (rollout=1.5099), best=2.3926 (rollout=1.4416)
  restart 1: 24/80 candidates, this=2.5975 (rollout=1.5211), best=2.3926 (rollout=1.4416)
  restart 1: 32/80 candidates, this=2.5907 (rollout=1.4892), best=2.3926 (rollout=1.4416)
  restart 1: 40/80 candidates, this=2.5939 (rollout=1.4753), best=2.3926 (rollout=1.4416)
  restart 1: 48/80 candidates, this=2.6727 (rollout=1.5337), best=2.3926 (rollout=1.4416)
  restart 1: 56/80 candidates, this=2.6814 (rollout=1.5243), best=2.3926 (rollout=1.4416)
  restart 1: 64/80 candidates, this=2.7147 (rollout=1.5373), best=2.3926 (rollout=1.4416)
  restart 1: 72/80 candidates, this=2.8664 (rollout=1.6750), best=2.3926 (rollout=1.4416)
  restart 1: 80/80 candidates, this=2.6614 (rollout=1.4572), best=2.3926 (rollout=1.4416)
Global calibration (restart 2): scoring 400 random parameter sets on 2000 samples...
  Global calibration (restart 2): 40/400 trials, best screen=1.0725
  Global calibration (restart 2): 80/400 trials, best screen=0.9279
  Global calibration (restart 2): 120/400 trials, best screen=0.9234
  Global calibration (restart 2): 160/400 trials, best screen=0.9234
  Global calibration (restart 2): 200/400 trials, best screen=0.9234
  Global calibration (restart 2): 240/400 trials, best screen=0.8867
  Global calibration (restart 2): 280/400 trials, best screen=0.8867
  Global calibration (restart 2): 320/400 trials, best screen=0.8867
  Global calibration (restart 2): 360/400 trials, best screen=0.8867
  Global calibration (restart 2): 400/400 trials, best screen=0.8867
Global calibration (restart 2): kept top 80 / 400 by one-step + tracking screen
Restart 2: evaluating 80 candidates with 100 closed-loop windows x 8 steps...
  restart 2: 8/80 candidates, this=2.4637 (rollout=1.5161), best=2.4070 (rollout=1.5204)
  restart 2: 16/80 candidates, this=2.5182 (rollout=1.5042), best=2.4070 (rollout=1.5204)
  restart 2: 24/80 candidates, this=2.6624 (rollout=1.6022), best=2.4070 (rollout=1.5204)
  restart 2: 32/80 candidates, this=2.5746 (rollout=1.4905), best=2.4070 (rollout=1.5204)
  restart 2: 40/80 candidates, this=2.6170 (rollout=1.5142), best=2.4070 (rollout=1.5204)
  restart 2: 48/80 candidates, this=2.6839 (rollout=1.5604), best=2.4070 (rollout=1.5204)
  restart 2: 56/80 candidates, this=2.6678 (rollout=1.5263), best=2.4070 (rollout=1.5204)
  restart 2: 64/80 candidates, this=2.6408 (rollout=1.4870), best=2.4070 (rollout=1.5204)
  restart 2: 72/80 candidates, this=2.6586 (rollout=1.4817), best=2.4070 (rollout=1.5204)
  restart 2: 80/80 candidates, this=2.7328 (rollout=1.5455), best=2.4070 (rollout=1.5204)
Global calibration (restart 3): scoring 400 random parameter sets on 2000 samples...
  Global calibration (restart 3): 40/400 trials, best screen=0.9740
  Global calibration (restart 3): 80/400 trials, best screen=0.9085
  Global calibration (restart 3): 120/400 trials, best screen=0.9085
  Global calibration (restart 3): 160/400 trials, best screen=0.9085
  Global calibration (restart 3): 200/400 trials, best screen=0.9085
  Global calibration (restart 3): 240/400 trials, best screen=0.9085
  Global calibration (restart 3): 280/400 trials, best screen=0.9085
  Global calibration (restart 3): 320/400 trials, best screen=0.9085
  Global calibration (restart 3): 360/400 trials, best screen=0.9085
  Global calibration (restart 3): 400/400 trials, best screen=0.9085
Global calibration (restart 3): kept top 80 / 400 by one-step + tracking screen
Restart 3: evaluating 80 candidates with 100 closed-loop windows x 8 steps...
  restart 3: 8/80 candidates, this=2.4643 (rollout=1.4860), best=2.4431 (rollout=1.5346)
