Loading trajectory data from C:\Users\Pedram\U-ResMARL\data\Lebanon_Jounieh\prepared\trajectories_calibration.csv...
Ego class-id default for this site: None
Loaded 107001 ego rows (373 ids) and 155457 neighbor-scene rows.
Site dest utility (on-road dir/dist to each ID dest; same U algebra as freeway) + curb: data\Lebanon_Jounieh\Jounieh_Road_Boundaries.csv, v_max=11.58 m/s, actions=7×9=63.
Building up to 2000 choice samples from 40000 candidate rows...
  choice samples: 200/2000
  choice samples: 400/2000
  choice samples: 600/2000
  choice samples: 800/2000
  choice samples: 1000/2000
  choice samples: 1200/2000
  choice samples: 1400/2000
  choice samples: 1600/2000
  choice samples: 1800/2000
  choice samples: 2000/2000
Built 2000 choice samples.
Prepared closed-loop windows (horizon=8 steps): 100 train / 40 val / 40 test from 373 vehicle trajectories (disjoint vehicles per split).
Global calibration (restart 1): scoring 400 random parameter sets on 2000 samples...
  Global calibration (restart 1): 40/400 trials, best screen=1.0180
  Global calibration (restart 1): 80/400 trials, best screen=1.0013
  Global calibration (restart 1): 120/400 trials, best screen=1.0013
  Global calibration (restart 1): 160/400 trials, best screen=1.0013
  Global calibration (restart 1): 200/400 trials, best screen=0.9718
  Global calibration (restart 1): 240/400 trials, best screen=0.9718
  Global calibration (restart 1): 280/400 trials, best screen=0.9431
  Global calibration (restart 1): 320/400 trials, best screen=0.9431
  Global calibration (restart 1): 360/400 trials, best screen=0.9431
  Global calibration (restart 1): 400/400 trials, best screen=0.9292
Global calibration (restart 1): kept top 80 / 400 by one-step + tracking screen
Restart 1: evaluating 80 candidates with 100 closed-loop windows x 8 steps...
  restart 1: 8/80 candidates, this=2.5237 (rollout=1.5174), best=2.3817 (rollout=1.4345)
  restart 1: 16/80 candidates, this=2.5462 (rollout=1.5072), best=2.3817 (rollout=1.4345)
  restart 1: 24/80 candidates, this=2.5879 (rollout=1.5151), best=2.3817 (rollout=1.4345)
  restart 1: 32/80 candidates, this=2.5797 (rollout=1.4822), best=2.3817 (rollout=1.4345)
  restart 1: 40/80 candidates, this=2.5860 (rollout=1.4711), best=2.3817 (rollout=1.4345)
  restart 1: 48/80 candidates, this=2.6625 (rollout=1.5272), best=2.3817 (rollout=1.4345)
  restart 1: 56/80 candidates, this=2.6720 (rollout=1.5190), best=2.3817 (rollout=1.4345)
  restart 1: 64/80 candidates, this=2.7030 (rollout=1.5293), best=2.3817 (rollout=1.4345)
  restart 1: 72/80 candidates, this=2.8537 (rollout=1.6668), best=2.3817 (rollout=1.4345)
  restart 1: 80/80 candidates, this=2.6507 (rollout=1.4499), best=2.3817 (rollout=1.4345)
Global calibration (restart 2): scoring 400 random parameter sets on 2000 samples...
  Global calibration (restart 2): 40/400 trials, best screen=1.0689
  Global calibration (restart 2): 80/400 trials, best screen=0.9241
  Global calibration (restart 2): 120/400 trials, best screen=0.9200
  Global calibration (restart 2): 160/400 trials, best screen=0.9200
  Global calibration (restart 2): 200/400 trials, best screen=0.9200
  Global calibration (restart 2): 240/400 trials, best screen=0.8831
  Global calibration (restart 2): 280/400 trials, best screen=0.8831
  Global calibration (restart 2): 320/400 trials, best screen=0.8831
  Global calibration (restart 2): 360/400 trials, best screen=0.8831
  Global calibration (restart 2): 400/400 trials, best screen=0.8831
Global calibration (restart 2): kept top 80 / 400 by one-step + tracking screen
Restart 2: evaluating 80 candidates with 100 closed-loop windows x 8 steps...
  restart 2: 8/80 candidates, this=2.4546 (rollout=1.5102), best=2.3962 (rollout=1.5132)
  restart 2: 16/80 candidates, this=2.5090 (rollout=1.4991), best=2.3962 (rollout=1.5132)
  restart 2: 24/80 candidates, this=2.6521 (rollout=1.5951), best=2.3962 (rollout=1.5132)
  restart 2: 32/80 candidates, this=2.5624 (rollout=1.4818), best=2.3962 (rollout=1.5132)
  restart 2: 40/80 candidates, this=2.6061 (rollout=1.5070), best=2.3962 (rollout=1.5132)
  restart 2: 48/80 candidates, this=2.6734 (rollout=1.5534), best=2.3962 (rollout=1.5132)
  restart 2: 56/80 candidates, this=2.6575 (rollout=1.5200), best=2.3962 (rollout=1.5132)
  restart 2: 64/80 candidates, this=2.6295 (rollout=1.4795), best=2.3962 (rollout=1.5132)
  restart 2: 72/80 candidates, this=2.6524 (rollout=1.4792), best=2.3962 (rollout=1.5132)
  restart 2: 80/80 candidates, this=2.7206 (rollout=1.5371), best=2.3962 (rollout=1.5132)
Global calibration (restart 3): scoring 400 random parameter sets on 2000 samples...
  Global calibration (restart 3): 40/400 trials, best screen=0.9705
  Global calibration (restart 3): 80/400 trials, best screen=0.9051
  Global calibration (restart 3): 120/400 trials, best screen=0.9051
  Global calibration (restart 3): 160/400 trials, best screen=0.9051
  Global calibration (restart 3): 200/400 trials, best screen=0.9051
  Global calibration (restart 3): 240/400 trials, best screen=0.9051
  Global calibration (restart 3): 280/400 trials, best screen=0.9051
  Global calibration (restart 3): 320/400 trials, best screen=0.9051
  Global calibration (restart 3): 360/400 trials, best screen=0.9051
  Global calibration (restart 3): 400/400 trials, best screen=0.9051
Global calibration (restart 3): kept top 80 / 400 by one-step + tracking screen
Restart 3: evaluating 80 candidates with 100 closed-loop windows x 8 steps...
  restart 3: 8/80 candidates, this=2.4551 (rollout=1.4803), best=2.4312 (rollout=1.5260)
  restart 3: 16/80 candidates, this=2.5755 (rollout=1.5606), best=2.4312 (rollout=1.5260)
  restart 3: 24/80 candidates, this=2.5788 (rollout=1.5377), best=2.4312 (rollout=1.5260)
  restart 3: 32/80 candidates, this=2.5317 (rollout=1.4618), best=2.4312 (rollout=1.5260)
  restart 3: 40/80 candidates, this=2.5988 (rollout=1.5176), best=2.4312 (rollout=1.5260)
  restart 3: 48/80 candidates, this=2.6392 (rollout=1.5265), best=2.4312 (rollout=1.5260)
  restart 3: 56/80 candidates, this=2.6221 (rollout=1.4945), best=2.4312 (rollout=1.5260)
  restart 3: 64/80 candidates, this=2.6004 (rollout=1.4570), best=2.4312 (rollout=1.5260)
  restart 3: 72/80 candidates, this=2.6040 (rollout=1.4320), best=2.4312 (rollout=1.5260)
  restart 3: 80/80 candidates, this=2.6612 (rollout=1.4794), best=2.4312 (rollout=1.5260)
Identifiability: near-optimal=31/240, obj_range_rel=0.0499, verdict=non_identifiable_flat_ridge
Robust params objective=2.4248 (best=2.3817)
Global calibration finished.
Wrote C:\Users\Pedram\U-ResMARL\Calibration\runs\recalibration_20260922_p99\utility_calibration_jounieh.json
Best objective: 2.3817
Robust objective: 2.4248
Best closed-loop loss (train): 1.4345
Robust closed-loop loss (train): 1.4822
Validation closed-loop loss: best=1.5532, robust=1.5647
Working params: best_selected_on_validation_windows
Test closed-loop loss: 1.3752
Validation spread over top trials: n=10, min=1.5532, p50=1.6132, max=1.7426, std=0.0647
Window split: 100/40/40 windows from 224/75/74 vehicles
Best mean target rank: 29.71
Best NLL: 4.7563
Identifiability: near-optimal=31/240, obj_range_rel=0.0499, verdict=non_identifiable_flat_ridge
Working params (robust median of near-optimal trials):
  S_theta: 3.5275
  S_v: 0.3197
  xi_i: 1.4504
  S_d: 0.6242
  gamma: 3.3067
  w_x: 9.8453
  w_y: 1.4984
  w_c: 51.7998
  w_ell: 11.1308
  beta: 5.4935
  sigma_long: 4.2339
  sigma_lat: 0.4927
Best params (single lowest objective):
  S_theta: 3.5275
  S_v: 0.3197
  xi_i: 1.4504
  S_d: 0.6242
  gamma: 3.3067
  w_x: 9.8453
  w_y: 1.4984
  w_c: 51.7998
  w_ell: 11.1308
  beta: 5.4935
  sigma_long: 4.2339
  sigma_lat: 0.4927
